// Jest Snapshot v1, https://goo.gl/fbAQLP

exports[`PaginatedMediaList should match the snapshot 1`] = `
Object {
  "asFragment": [Function],
  "baseElement": <body>
    <div>
      <div
        class="paginatedMediaListContainer"
      >
        <h3>
          title
        </h3>
        <div
          class="bx--loading-overlay"
        >
          <div
            aria-atomic="true"
            aria-labelledby="loading-id-1"
            aria-live="assertive"
            class="bx--loading"
          >
            <label
              class="bx--visually-hidden"
              id="loading-id-1"
            >
              Active loading indicator
            </label>
            <svg
              class="bx--loading__svg"
              viewBox="0 0 100 100"
            >
              <title>
                Active loading indicator
              </title>
              <circle
                class="bx--loading__stroke"
                cx="50%"
                cy="50%"
                r="44"
              />
            </svg>
          </div>
        </div>
      </div>
    </div>
  </body>,
  "container": <div>
    <div
      class="paginatedMediaListContainer"
    >
      <h3>
        title
      </h3>
      <div
        class="bx--loading-overlay"
      >
        <div
          aria-atomic="true"
          aria-labelledby="loading-id-1"
          aria-live="assertive"
          class="bx--loading"
        >
          <label
            class="bx--visually-hidden"
            id="loading-id-1"
          >
            Active loading indicator
          </label>
          <svg
            class="bx--loading__svg"
            viewBox="0 0 100 100"
          >
            <title>
              Active loading indicator
            </title>
            <circle
              class="bx--loading__stroke"
              cx="50%"
              cy="50%"
              r="44"
            />
          </svg>
        </div>
      </div>
    </div>
  </div>,
  "debug": [Function],
  "findAllByAltText": [Function],
  "findAllByDisplayValue": [Function],
  "findAllByLabelText": [Function],
  "findAllByPlaceholderText": [Function],
  "findAllByRole": [Function],
  "findAllByTestId": [Function],
  "findAllByText": [Function],
  "findAllByTitle": [Function],
  "findByAltText": [Function],
  "findByDisplayValue": [Function],
  "findByLabelText": [Function],
  "findByPlaceholderText": [Function],
  "findByRole": [Function],
  "findByTestId": [Function],
  "findByText": [Function],
  "findByTitle": [Function],
  "getAllByAltText": [Function],
  "getAllByDisplayValue": [Function],
  "getAllByLabelText": [Function],
  "getAllByPlaceholderText": [Function],
  "getAllByRole": [Function],
  "getAllByTestId": [Function],
  "getAllByText": [Function],
  "getAllByTitle": [Function],
  "getByAltText": [Function],
  "getByDisplayValue": [Function],
  "getByLabelText": [Function],
  "getByPlaceholderText": [Function],
  "getByRole": [Function],
  "getByTestId": [Function],
  "getByText": [Function],
  "getByTitle": [Function],
  "queryAllByAltText": [Function],
  "queryAllByDisplayValue": [Function],
  "queryAllByLabelText": [Function],
  "queryAllByPlaceholderText": [Function],
  "queryAllByRole": [Function],
  "queryAllByTestId": [Function],
  "queryAllByText": [Function],
  "queryAllByTitle": [Function],
  "queryByAltText": [Function],
  "queryByDisplayValue": [Function],
  "queryByLabelText": [Function],
  "queryByPlaceholderText": [Function],
  "queryByRole": [Function],
  "queryByTestId": [Function],
  "queryByText": [Function],
  "queryByTitle": [Function],
  "rerender": [Function],
  "unmount": [Function],
}
`;
